// Jest Snapshot v1, https://goo.gl/fbAQLP

exports[`<MSULogo /> should match the snapshot 1`] = `
.c0 {
  width: auto;
  height: auto;
  max-width: 200px;
  max-height: 100px;
}

<img
  alt="Michigan State University Logo"
  class="c0"
  src="IMAGE_MOCK"
/>
`;
