// Jest Snapshot v1, https://goo.gl/fbAQLP

exports[`<Card /> should match the snapshot 1`] = `
.c0 {
  width: -webkit-min-content;
  width: -moz-min-content;
  width: min-content;
  height: -webkit-min-content;
  height: -moz-min-content;
  height: min-content;
  padding: 16px;
  background-color: #FFFFFF;
  border-radius: 10px;
}

<div
  className="c0"
/>
`;
