// Jest Snapshot v1, https://goo.gl/fbAQLP

exports[`<FormikSelect /> Should render and match the snapshot 1`] = `
.c2 {
  width: auto;
  height: auto;
  display: block;
  border-radius: 5px;
  cursor: pointer;
}

.c3 {
  width: auto;
  height: auto;
  -webkit-transition: -webkit-transform 0.2s;
  -webkit-transition: transform 0.2s;
  transition: transform 0.2s;
}

.c0 {
  display: -webkit-box;
  display: -webkit-flex;
  display: -ms-flexbox;
  display: flex;
  -webkit-flex-direction: column;
  -ms-flex-direction: column;
  flex-direction: column;
  width: 100%;
}

.c1 {
  font-family: DM Sans;
  font-size: 13px;
  line-height: 130%;
  margin-bottom: 5px;
  color: #2F3850;
  width: -webkit-fit-content;
  width: -moz-fit-content;
  width: fit-content;
}

@media only screen and (min-width:768px) {

}

@media only screen and (min-width:960px) {

}

@media only screen and (min-width:1170px) {

}

@media only screen and (min-width:1360px) {

}

<div>
  <div
    class="c0"
  >
    <label
      for="test"
    >
      <p
        class="c1"
        width="fit-content"
      >
        Label
      </p>
    </label>
    <div
      class="c2"
      cursor="pointer"
      data-testid="select"
    >
      <div
        class=" css-2b097c-container"
      >
        <span
          aria-atomic="false"
          aria-live="polite"
          aria-relevant="additions text"
          class="css-1f43avz-a11yText-A11yText"
        />
        <div
          class=" css-4iyz22-control"
        >
          <div
            class=" css-g1d714-ValueContainer"
          >
            <div
              class=" css-1uccc91-singleValue"
            >
              option
            </div>
            <div
              class="css-b8ldur-Input"
            >
              <div
                class=""
                style="display: inline-block;"
              >
                <input
                  aria-autocomplete="list"
                  autocapitalize="none"
                  autocomplete="off"
                  autocorrect="off"
                  id="test"
                  spellcheck="false"
                  style="box-sizing: content-box; width: 2px; border: 0px; opacity: 1; outline: 0; padding: 0px;"
                  tabindex="0"
                  type="text"
                  value=""
                />
                <div
                  style="position: absolute; top: 0px; left: 0px; visibility: hidden; height: 0px; overflow: scroll; white-space: pre; font-family: -webkit-small-control; letter-spacing: normal; text-transform: none;"
                />
              </div>
            </div>
          </div>
          <div
            class=" css-1hb7zxy-IndicatorsContainer"
          >
            <div
              aria-hidden="true"
              class=" css-tlfecz-indicatorContainer"
            >
              <img
                alt="arrow"
                class="c3"
                src="IMAGE_MOCK"
                transform=""
              />
            </div>
          </div>
        </div>
        <input
          name="test"
          type="hidden"
          value="option"
        />
      </div>
    </div>
  </div>
</div>
`;
