// Jest Snapshot v1, https://goo.gl/fbAQLP

exports[`<Column /> should match the snapshot 1`] = `
.c0 {
  display: -webkit-box;
  display: -webkit-flex;
  display: -ms-flexbox;
  display: flex;
  -webkit-flex-direction: column;
  -ms-flex-direction: column;
  flex-direction: column;
  width: 100%;
}

@media only screen and (min-width:768px) {

}

@media only screen and (min-width:960px) {

}

@media only screen and (min-width:1170px) {

}

@media only screen and (min-width:1360px) {

}

<div>
  <div
    class="c0"
  />
</div>
`;
