// Jest Snapshot v1, https://goo.gl/fbAQLP

exports[`<UrlQuestion /> should match the snapshot 1`] = `
.c0 {
  display: -webkit-box;
  display: -webkit-flex;
  display: -ms-flexbox;
  display: flex;
  -webkit-flex-direction: column;
  -ms-flex-direction: column;
  flex-direction: column;
  width: 100%;
  margin-top: 10px;
}

.c7 {
  display: -webkit-box;
  display: -webkit-flex;
  display: -ms-flexbox;
  display: flex;
  -webkit-flex-direction: column;
  -ms-flex-direction: column;
  flex-direction: column;
  width: 100%;
}

.c1 {
  display: -webkit-box;
  display: -webkit-flex;
  display: -ms-flexbox;
  display: flex;
  -webkit-flex-direction: row;
  -ms-flex-direction: row;
  flex-direction: row;
  margin-bottom: 10px;
  display: -webkit-box;
  display: -webkit-flex;
  display: -ms-flexbox;
  display: flex;
}

.c5 {
  display: -webkit-box;
  display: -webkit-flex;
  display: -ms-flexbox;
  display: flex;
  -webkit-flex-direction: row;
  -ms-flex-direction: row;
  flex-direction: row;
}

.c6 {
  display: -webkit-box;
  display: -webkit-flex;
  display: -ms-flexbox;
  display: flex;
  -webkit-flex-direction: row;
  -ms-flex-direction: row;
  flex-direction: row;
  width: 100%;
}

.c3 {
  padding: 12px;
  border: 1px solid #E9F1FB;
  border-radius: 5px;
  width: 153px;
  max-width: 200px;
  padding-top: 12px;
  padding-bottom: 12px;
  color: rgba(16,121,105,1);
  background-color: transparent;
  border: 1px solid transparent;
  text-align: center;
}

.c3:focus {
  box-shadow: none;
  outline: none;
  border: 1px solid #107969;
}

.c8 {
  resize: none;
  padding: 12px;
  border: 1px solid #E9F1FB;
  border-radius: 5px;
  margin-right: 9px;
  width: 100%;
  height: auto;
  background-color: transparent;
  border: 1px solid transparent;
}

.c8:focus {
  box-shadow: none;
  outline: none;
  border: 1px solid #107969;
}

.c4 {
  width: auto;
  height: auto;
  display: block;
  border-radius: 5px;
  width: 100%;
  padding-top: 14px;
  padding-bottom: 14px;
  padding-right: 21px;
  padding-left: 21px;
  background-color: rgba(233,241,251,1);
}

.c9 {
  width: auto;
  height: auto;
  display: block;
  border-radius: 5px;
  margin-top: 5px;
  margin-bottom: 5px;
}

.c11 {
  display: -webkit-box;
  display: -webkit-flex;
  display: -ms-flexbox;
  display: flex;
  -webkit-box-pack: center;
  -webkit-justify-content: center;
  -ms-flex-pack: center;
  justify-content: center;
  -webkit-align-items: center;
  -webkit-box-align: center;
  -ms-flex-align: center;
  align-items: center;
  margin: auto;
  width: 50px;
  height: 50px;
}

.c11:after {
  content: ' ';
  display: block;
  width: 33.33333333333333px;
  height: 33.33333333333333px;
  border-radius: 50%;
  border: 6px solid #C866EA;
  border-color: #C866EA transparent #C866EA transparent;
  -webkit-animation: ixzqdH 1.2s linear infinite;
  animation: ixzqdH 1.2s linear infinite;
}

.c10 {
  width: 100%;
  height: 100%;
  display: -webkit-box;
  display: -webkit-flex;
  display: -ms-flexbox;
  display: flex;
  -webkit-box-pack: center;
  -webkit-justify-content: center;
  -ms-flex-pack: center;
  justify-content: center;
  -webkit-align-items: center;
  -webkit-box-align: center;
  -ms-flex-align: center;
  align-items: center;
}

.c2 {
  padding: 5px 10px;
  font-size: 13px;
  font-weight: 600;
  border-radius: 4px;
  background-color: rgba(16,121,105,0.1);
  color: rgba(16,121,105,1);
}

.c2:focus {
  box-shadow: none;
  outline: none;
  border: 1px solid transparent;
}

<div
  className="c0"
>
  <div
    className="c1"
    display="flex"
  >
    <input
      className="c2 c3"
      color="#107969"
      onBlur={[Function]}
      onChange={[Function]}
      onFocus={[Function]}
      opacity={0.1}
      placeholder="Variable name..."
      type="singleline"
      value=""
      width="153px"
    />
  </div>
  <div
    className="c4"
    width="100%"
  >
    <div
      className="c5"
    >
      <div
        className="c6"
        width="100%"
      >
        <div
          className="c7"
        >
          <textarea
            className="c8"
            height="auto"
            onBlur={[Function]}
            onChange={[Function]}
            onFocus={[Function]}
            placeholder="Paste here a web page link to show it to a respondend."
            rows="3"
            value="www.google.com"
            width="100%"
          />
        </div>
      </div>
    </div>
  </div>
  <div
    className="c9"
  >
    <div
      className="c9"
    >
      <div
        className="c5"
      >
        <div
          className="c10"
          data-testid="inline-loader"
        >
          <div
            className="c11"
            color="#C866EA"
            size={50}
          />
        </div>
      </div>
    </div>
  </div>
</div>
`;
