// Jest Snapshot v1, https://goo.gl/fbAQLP

exports[`<InterventionListBranching /> Should render and match the snapshot 1`] = `
.c0 {
  display: -webkit-box;
  display: -webkit-flex;
  display: -ms-flexbox;
  display: flex;
  -webkit-flex-direction: row;
  -ms-flex-direction: row;
  flex-direction: row;
  height: auto;
  -webkit-box-pack: justify;
  -webkit-justify-content: space-between;
  -ms-flex-pack: justify;
  justify-content: space-between;
  justify-items: space-between;
  -webkit-align-content: space-between;
  -ms-flex-line-pack: space-between;
  align-content: space-between;
  -webkit-align-items: space-between;
  -webkit-box-align: space-between;
  -ms-flex-align: space-between;
  align-items: space-between;
  padding-top: 18px;
  padding-bottom: 18px;
  padding-right: 62px;
  padding-left: 62px;
}

.c2 {
  display: -webkit-box;
  display: -webkit-flex;
  display: -ms-flexbox;
  display: flex;
  -webkit-flex-direction: row;
  -ms-flex-direction: row;
  flex-direction: row;
  height: auto;
  -webkit-align-content: center;
  -ms-flex-line-pack: center;
  align-content: center;
  -webkit-align-items: center;
  -webkit-box-align: center;
  -ms-flex-align: center;
  align-items: center;
  width: 100%;
}

.c6 {
  display: -webkit-box;
  display: -webkit-flex;
  display: -ms-flexbox;
  display: flex;
  -webkit-flex-direction: row;
  -ms-flex-direction: row;
  flex-direction: row;
  height: auto;
  -webkit-box-pack: end;
  -webkit-justify-content: flex-end;
  -ms-flex-pack: end;
  justify-content: flex-end;
  justify-items: flex-end;
  -webkit-align-content: center;
  -ms-flex-line-pack: center;
  align-content: center;
  -webkit-align-items: center;
  -webkit-box-align: center;
  -ms-flex-align: center;
  align-items: center;
  width: 100%;
}

.c1 {
  display: -webkit-box;
  display: -webkit-flex;
  display: -ms-flexbox;
  display: flex;
  -webkit-flex-direction: column;
  -ms-flex-direction: column;
  flex-direction: column;
  width: 100%;
}

.c5 {
  display: -webkit-box;
  display: -webkit-flex;
  display: -ms-flexbox;
  display: flex;
  -webkit-flex-direction: column;
  -ms-flex-direction: column;
  flex-direction: column;
  width: 25%;
}

.c8 {
  position: relative;
  display: inline-block;
  width: 40px;
  height: 21px;
  margin-left: 10px;
}

.c10 {
  opacity: 0;
  width: 0;
  height: 0;
}

.c11 {
  position: absolute;
  top: 0;
  left: 0;
  right: 0;
  bottom: 0;
  -webkit-transition: 0.4s;
  transition: 0.4s;
  cursor: pointer;
  background-color: #CED3E4;
  border-radius: 21px;
}

.c9:checked + .c11 {
  background-color: #C866EA;
}

.c9:focus + .c11 {
  box-shadow: 0 0 1px #C866EA;
}

.c11:before {
  position: absolute;
  content: '';
  left: 4px;
  bottom: 4px;
  -webkit-transition: 0.4s;
  transition: 0.4s;
  height: 13px;
  width: 13px;
  background-color: white;
  border-radius: 50%;
}

.c9:checked + .c11:before {
  -webkit-transform: translateX(18px);
  -ms-transform: translateX(18px);
  transform: translateX(18px);
}

.c3 {
  font-family: DM Sans;
  font-size: 13px;
  line-height: 130%;
  font-size: 13px;
}

.c4 {
  font-family: DM Sans;
  font-size: 13px;
  line-height: 130%;
  margin-left: 10px;
  font-size: 13px;
  font-weight: 700;
}

.c7 {
  font-family: DM Sans;
  font-size: 13px;
  line-height: 130%;
}

<div
  className="c0"
>
  <div
    className="c1"
  >
    <div
      className="c2"
      width="100%"
    >
      <p
        className="c3"
        fontSize={13}
      >
        Next Session:
      </p>
      <p
        className="c4"
        fontSize={13}
        fontWeight="bold"
      >
        test-2
      </p>
    </div>
  </div>
  <div
    className="c5"
  >
    <div
      className="c6"
      width="100%"
    >
      <p
        className="c7"
      >
        Use formula
      </p>
      <label
        checked={false}
        className="c8"
      >
        <input
          checked={false}
          className="c9 c10"
          onChange={[Function]}
          type="checkbox"
        />
        <span
          className="c11"
        />
      </label>
    </div>
  </div>
</div>
`;
