// Jest Snapshot v1, https://goo.gl/fbAQLP

exports[`<UserDetails /> Should render and match the snapshot 1`] = `
<div>
  <div
    class="Box-sc-1vhutan-0 styled__StyledBox-sc-18ethpf-0 dISrsd jmOGcK"
    height="100%"
    width="100%"
  >
    <a
      class="styled__StyledLink-sc-3pirdo-0 jceFfF"
      href="/users"
    >
      <img
        alt="traingle"
        class="Img-sc-55j3su-0 gfzPuQ"
        src="IMAGE_MOCK"
      />
      <p
        class="Text-e4p0w3-0 cFbubw"
        color="#B727EA"
        font-weight="bold"
      >
        Back to user list
      </p>
    </a>
    <h1
      class="H1-sc-1k7m23t-0 eMTspO"
    >
      Account Settings
    </h1>
    <div
      style="margin-left: -15px; margin-right: -15px; display: flex; flex-wrap: wrap; flex-grow: 0; flex-shrink: 0; align-items: normal; justify-content: flex-start;"
    >
      <div
        style="box-sizing: border-box; min-height: 1px; position: relative; padding-left: 15px; padding-right: 15px; width: 100%; flex-basis: 100%; flex-grow: 0; flex-shrink: 0; max-width: 100%; margin-left: 0%;"
      >
        <div
          class="Box-sc-1vhutan-0 iCDuTP"
        >
          <h2
            class="H2-uw8lbl-0 iUhbVg"
          >
            Profile
          </h2>
          <div
            class="Row-y1cs0u-0 cUkLOH"
            display="flex"
          >
            <div>
              <div
                class="Row-y1cs0u-0 fgwsqb"
                width="100%"
              >
                <div
                  class="styled__AvatarStyled-bn66gh-0 fvqhMv styled__StyledUserAvatar-sc-4bx7ap-1 dObBuO"
                  color="#FFFFFF"
                >
                  <div>
                    TT
                  </div>
                </div>
                <div
                  class="Row-y1cs0u-0 jOTCVU"
                >
                  <div
                    class="Row-y1cs0u-0 styled__StyledButtonsRow-sc-4bx7ap-2 dskFsL fA-DhtD"
                  >
                    <div
                      class="Box-sc-1vhutan-0 crjFXF styled__StyledUploadFileButton-sc-4bx7ap-4 GlRFp"
                      height="fit-content"
                    >
                      <input
                        autocomplete="off"
                        style="display: none;"
                        tabindex="-1"
                        type="file"
                      />
                      <div
                        class="Row-y1cs0u-0 bLAOxT"
                      >
                        <p
                          class="Text-e4p0w3-0 gEakrP"
                          color="#B727EA"
                          font-size="14"
                          font-weight="bold"
                        >
                          Add profile photo
                        </p>
                      </div>
                    </div>
                  </div>
                </div>
              </div>
            </div>
            <div>
              <button
                class="StyledButton-d2s0gt-0 eHTczx"
                color="warning"
                radius="100px"
                width="180"
              >
                Deactivate account
              </button>
            </div>
          </div>
          <div
            class="Row-y1cs0u-0 eDtOGP"
          >
            <div
              class="Row-y1cs0u-0 styled__StyledFullNameRow-sc-4bx7ap-0 gQFDhs loGlNM"
              width="100%"
            >
              <div
                class="Column-sc-4zswzq-0 ehOEzE"
                data-testid="first-name-input"
              >
                <label
                  for="firstName"
                >
                  <p
                    class="Text-e4p0w3-0 kFFPgx"
                    width="fit-content"
                  >
                    First Name
                  </p>
                </label>
                <div
                  class="Row-y1cs0u-0 fgwsqb"
                  width="100%"
                >
                  <input
                    aria-label="Enter first name"
                    class="Input-t9j2q5-0 ptbLy"
                    height="46"
                    id="firstName"
                    name="firstName"
                    placeholder="Enter first name"
                    type="text"
                    value="test"
                    width="100%"
                  />
                </div>
              </div>
              <div
                class="Column-sc-4zswzq-0 jCuscc"
              >
                <label
                  for="lastName"
                >
                  <p
                    class="Text-e4p0w3-0 kFFPgx"
                    width="fit-content"
                  >
                    Last name
                  </p>
                </label>
                <div
                  class="Row-y1cs0u-0 fgwsqb"
                  width="100%"
                >
                  <input
                    aria-label="Enter last name"
                    class="Input-t9j2q5-0 ptbLy"
                    height="46"
                    id="lastName"
                    name="lastName"
                    placeholder="Enter last name"
                    type="text"
                    value="test"
                    width="100%"
                  />
                </div>
              </div>
            </div>
          </div>
          <div
            class="Row-y1cs0u-0 styled__StyledRow-sc-1pif2s-1 fyfnXk jKoKLe"
            width="100%"
          />
          <div
            class="Row-y1cs0u-0 styled__StyledRow-sc-1pif2s-1 fyfnXk jKoKLe"
            width="100%"
          >
            <div
              class="Column-sc-4zswzq-0 ekpwZH"
            >
              <div
                class="Row-y1cs0u-0 hqAUhv"
                width="100%"
              >
                <div
                  class="Column-sc-4zswzq-0 HRVgp"
                  width="230"
                >
                  <label
                    for="iso"
                  >
                    <p
                      class="Text-e4p0w3-0 kFFPgx"
                      width="fit-content"
                    >
                      Phone prefix
                    </p>
                  </label>
                  <div
                    class="Box-sc-1vhutan-0 dvfkZg"
                    data-testid="select"
                  >
                    <div
                      class=" css-14jk2my-container"
                    >
                      <span
                        aria-atomic="false"
                        aria-live="polite"
                        aria-relevant="additions text"
                        class="css-1f43avz-a11yText-A11yText"
                      />
                      <div
                        class=" css-vz7ypb-control"
                      >
                        <div
                          class=" css-g1d714-ValueContainer"
                        >
                          <div
                            class=" css-q5ew0g-placeholder"
                          >
                            Code
                          </div>
                          <div
                            class="css-1bwsx9e-Input"
                          >
                            <div
                              class=""
                              style="display: inline-block;"
                            >
                              <input
                                aria-autocomplete="list"
                                autocapitalize="none"
                                autocomplete="off"
                                autocorrect="off"
                                disabled=""
                                id="iso"
                                spellcheck="false"
                                style="box-sizing: content-box; width: 2px; border: 0px; opacity: 1; outline: 0; padding: 0px;"
                                tabindex="0"
                                type="text"
                                value=""
                              />
                              <div
                                style="position: absolute; top: 0px; left: 0px; visibility: hidden; height: 0px; overflow: scroll; white-space: pre; font-family: -webkit-small-control; letter-spacing: normal; text-transform: none;"
                              />
                            </div>
                          </div>
                        </div>
                        <div
                          class=" css-1hb7zxy-IndicatorsContainer"
                        >
                          <div
                            aria-hidden="true"
                            class=" css-tlfecz-indicatorContainer"
                          >
                            <img
                              alt="arrow"
                              class="Img-sc-55j3su-0 gTKGj"
                              src="IMAGE_MOCK"
                              transform=""
                            />
                          </div>
                        </div>
                      </div>
                    </div>
                  </div>
                </div>
                <div
                  class="Column-sc-4zswzq-0 ekpwZH"
                  value=""
                >
                  <label
                    for="number"
                  >
                    <p
                      class="Text-e4p0w3-0 kFFPgx"
                      width="fit-content"
                    >
                      Phone number
                    </p>
                  </label>
                  <input
                    aria-label="Enter phone number"
                    class="Input-t9j2q5-0 dbKITh"
                    disabled=""
                    id="number"
                    name="number"
                    placeholder="Enter phone number"
                    type="tel"
                    value=""
                    width="100%"
                  />
                </div>
              </div>
            </div>
          </div>
          <div
            class="Row-y1cs0u-0 styled__StyledRow-sc-1pif2s-1 eomgnk jKoKLe"
            width="100%"
          />
        </div>
      </div>
    </div>
  </div>
</div>
`;
