// Jest Snapshot v1, https://goo.gl/fbAQLP

exports[`<SpectrumSettings /> Should render and match the snapshot 1`] = `
<div
  class="Column-sc-4zswzq-0 ekpwZH"
>
  <div
    class="Column-sc-4zswzq-0 ekpwZH"
  >
    <div
      class="Row-y1cs0u-0 hwafeU"
    >
      <p
        class="Text-e4p0w3-0 bmKPFZ"
        font-weight="bold"
      >
        End-User Value
      </p>
      <div
        class="Box-sc-1vhutan-0 gfyFJD"
      >
        <p
          class="Text-e4p0w3-0 iaJrvl"
          color="#C866EA"
          font-weight="bold"
        >
          Add variable
        </p>
      </div>
    </div>
    <div
      class="Box-sc-1vhutan-0 ijRHOU"
    >
      <div
        class="Box-sc-1vhutan-0 hMXAvH"
        display="none"
        width="auto"
      >
        <div
          class="Row-y1cs0u-0 dskFsL"
        >
          <div
            class="Box-sc-1vhutan-0 fOicvH"
          >
            <div
              class="Column-sc-4zswzq-0 ekpwZH"
            >
              <div
                class="Box-sc-1vhutan-0 dNQoLv"
              >
                <div
                  class="Box-sc-1vhutan-0 leAXVR"
                  data-testid="no-content"
                  display="flex"
                  height="100%"
                  width="100%"
                >
                  <div
                    class="Column-sc-4zswzq-0 eExeGs"
                  >
                    <img
                      alt="No content"
                      class="Img-sc-55j3su-0 cDhXoN"
                      src="IMAGE_MOCK"
                    />
                    <h2
                      class="H2-uw8lbl-0 bnQANz"
                      color="#B0BAC9"
                    >
                      No variables defined yet
                    </h2>
                  </div>
                </div>
              </div>
            </div>
          </div>
        </div>
      </div>
    </div>
    <div
      class="Box-sc-1vhutan-0 dSHbNt"
      width="100%"
    >
      <textarea
        class="TextArea-sc-175uiux-0 cIMVkN"
        data-cy="text-area"
        height="auto"
        placeholder="Enter formula here... (You can use mathematical operators +, -, *, /)"
        rows="5"
        width="100%"
      >
        1
      </textarea>
    </div>
    <div
      class="Row-y1cs0u-0 fUeWJd"
    >
      <p
        class="Text-e4p0w3-0 jTdUuF"
      >
        If
      </p>
      <div
        class="Box-sc-1vhutan-0 kCQyFa"
        data-cy="case-select"
        data-testid="select"
      >
        <div
          class=" css-2b097c-container"
        >
          <div
            class=" css-1isrrs2-control"
          >
            <div
              class=" css-g1d714-ValueContainer"
            >
              <div
                class=" css-1uccc91-singleValue"
              >
                =
              </div>
              <div
                class="css-b8ldur-Input"
              >
                <div
                  class=""
                  style="display: inline-block;"
                >
                  <input
                    aria-autocomplete="list"
                    autocapitalize="none"
                    autocomplete="off"
                    autocorrect="off"
                    id="react-select-4-input"
                    spellcheck="false"
                    style="box-sizing: content-box; width: 2px; border: 0px; opacity: 1; outline: 0; padding: 0px;"
                    tabindex="0"
                    type="text"
                    value=""
                  />
                  <div
                    style="position: absolute; top: 0px; left: 0px; visibility: hidden; height: 0px; overflow: scroll; white-space: pre; font-family: -webkit-small-control; letter-spacing: normal; text-transform: none;"
                  />
                </div>
              </div>
            </div>
            <div
              class=" css-1hb7zxy-IndicatorsContainer"
            >
              <div
                aria-hidden="true"
                class=" css-tlfecz-indicatorContainer"
              >
                <img
                  class="Img-sc-55j3su-0 gTKGj"
                  src="IMAGE_MOCK"
                  transform=""
                />
              </div>
            </div>
          </div>
        </div>
      </div>
      <div
        class="Box-sc-1vhutan-0 gTFrB"
      >
        <input
          class="Input-t9j2q5-0 fZLGrQ styled__CaseInput-xvuzq8-0 bQOaOG"
          data-cy="case-value-input"
          data-testid="input"
          placeholder="..."
          type="text"
          value="1"
        />
      </div>
      <p
        class="Text-e4p0w3-0 cYZaiu"
      >
        end user value is
      </p>
      <div
        class="Box-sc-1vhutan-0 gTFrB"
      >
        <input
          class="Input-t9j2q5-0 fZLGrQ styled__CaseInput-sc-1yeylkf-1 gAYDhf"
          placeholder="..."
          type="text"
          value="50"
        />
      </div>
      <img
        class="Img-sc-55j3su-0 bzjhuK"
        src="IMAGE_MOCK"
      />
    </div>
    <div
      class="Row-y1cs0u-0 fUeWJd"
    >
      <p
        class="Text-e4p0w3-0 jTdUuF"
      >
        If
      </p>
      <div
        class="Box-sc-1vhutan-0 kCQyFa"
        data-cy="case-select"
        data-testid="select"
      >
        <div
          class=" css-2b097c-container"
        >
          <div
            class=" css-1isrrs2-control"
          >
            <div
              class=" css-g1d714-ValueContainer"
            >
              <div
                class=" css-1uccc91-singleValue"
              >
                =
              </div>
              <div
                class="css-b8ldur-Input"
              >
                <div
                  class=""
                  style="display: inline-block;"
                >
                  <input
                    aria-autocomplete="list"
                    autocapitalize="none"
                    autocomplete="off"
                    autocorrect="off"
                    id="react-select-5-input"
                    spellcheck="false"
                    style="box-sizing: content-box; width: 2px; border: 0px; opacity: 1; outline: 0; padding: 0px;"
                    tabindex="0"
                    type="text"
                    value=""
                  />
                  <div
                    style="position: absolute; top: 0px; left: 0px; visibility: hidden; height: 0px; overflow: scroll; white-space: pre; font-family: -webkit-small-control; letter-spacing: normal; text-transform: none;"
                  />
                </div>
              </div>
            </div>
            <div
              class=" css-1hb7zxy-IndicatorsContainer"
            >
              <div
                aria-hidden="true"
                class=" css-tlfecz-indicatorContainer"
              >
                <img
                  class="Img-sc-55j3su-0 gTKGj"
                  src="IMAGE_MOCK"
                  transform=""
                />
              </div>
            </div>
          </div>
        </div>
      </div>
      <div
        class="Box-sc-1vhutan-0 gTFrB"
      >
        <input
          class="Input-t9j2q5-0 fZLGrQ styled__CaseInput-xvuzq8-0 bQOaOG"
          data-cy="case-value-input"
          data-testid="input"
          placeholder="..."
          type="text"
          value="2"
        />
      </div>
      <p
        class="Text-e4p0w3-0 cYZaiu"
      >
        end user value is
      </p>
      <div
        class="Box-sc-1vhutan-0 gTFrB"
      >
        <input
          class="Input-t9j2q5-0 fZLGrQ styled__CaseInput-sc-1yeylkf-1 gAYDhf"
          placeholder="..."
          type="text"
          value="75"
        />
      </div>
      <img
        class="Img-sc-55j3su-0 bzjhuK"
        src="IMAGE_MOCK"
      />
    </div>
    <div
      class="Box-sc-1vhutan-0 styled__DashedBox-sc-1yeylkf-0 kvIAfn iuWfGq"
    >
      + Add another case
    </div>
  </div>
</div>
`;
