// Jest Snapshot v1, https://goo.gl/fbAQLP

exports[`<ReportsPage /> Should render and match the snapshot and to not log errors in console 1`] = `
<div
  class="styled__StyledContainer-sc-6h8fd4-0 fziHXq"
  style="box-sizing: border-box; position: relative; margin-left: auto; margin-right: auto; padding-left: 15px; padding-right: 15px; max-width: 960px;"
>
  <h1
    class="H1-sc-1k7m23t-0 gkCKau"
  >
    My Reports
  </h1>
  <div
    class="Column-sc-4zswzq-0 jCuscc"
  >
    <div
      class="Row-y1cs0u-0 jdfDUM"
      width="100%"
    >
      <div
        class="Box-sc-1vhutan-0 styled__StyledBox-onmxmg-0 bqTbKg erHOle"
      >
        <div
          height="100%"
          style="margin-left: -15px; margin-right: -15px; display: flex; flex-wrap: wrap; flex-grow: 0; flex-shrink: 0; align-items: center; justify-content: flex-start;"
        >
          <div
            style="box-sizing: border-box; min-height: 1px; position: relative; padding-left: 15px; padding-right: 15px; width: 75%; flex-basis: 75%; flex-grow: 0; flex-shrink: 0; max-width: 75%; margin-left: 0%;"
          >
            <div
              class="Row-y1cs0u-0 ecllgQ"
            >
              <img
                src="IMAGE_MOCK"
              />
              <p
                class="Text-e4p0w3-0 fxvuEz"
                font-size="18"
                font-weight="bold"
              >
                Report: 1. part - Results
              </p>
            </div>
          </div>
          <div
            style="box-sizing: border-box; min-height: 1px; position: relative; padding-left: 15px; padding-right: 15px; width: 25%; flex-basis: 25%; flex-grow: 0; flex-shrink: 0; max-width: 25%; margin-left: 0%;"
          >
            <div
              class="Row-y1cs0u-0 styled__DownloadRow-onmxmg-1 ecllgQ NPQnz"
            >
              <a
                class="StyledLink-eun179-0 jlCCcr"
                href="/file.pdf"
                target="_blank"
              >
                <p
                  class="Text-e4p0w3-0 fOFYCf"
                  color="#C866EA"
                  font-size="13"
                  font-weight="bold"
                >
                  <span>
                    Download
                  </span>
                </p>
                <img
                  src="IMAGE_MOCK"
                />
              </a>
            </div>
          </div>
        </div>
      </div>
    </div>
  </div>
  <div
    class="Row-y1cs0u-0 cAHLWQ"
    display="flex"
    width="100%"
  >
    <div
      class="Box-sc-1vhutan-0 cfDdZL"
      cursor="pointer"
      display="flex"
    >
      <p
        class="Text-e4p0w3-0 eRNSEk"
        color="#FFFFFF"
      >
        1
      </p>
    </div>
  </div>
  <span
    style="display: table; clear: both;"
  />
</div>
`;
