// Jest Snapshot v1, https://goo.gl/fbAQLP

exports[`<FormikCodeInput /> Should render and match the snapshot 1`] = `
.c5 {
  padding: 12px;
  border-style: solid;
  border-width: 1px;
  border-color: #E9F1FB;
  border-radius: 5px;
  width: 95%;
  color: #2F3850;
  text-align: center;
}

.c5:focus {
  box-shadow: none;
  outline: none;
  border-color: #107969;
}

.c5:disabled {
  color: #ABBBD1;
}

.c1 {
  font-family: DM Sans;
  font-size: 13px;
  line-height: 130%;
  margin-bottom: 5px;
  font-weight: 700;
  color: #2F3850;
  width: -webkit-fit-content;
  width: -moz-fit-content;
  width: fit-content;
}

.c2 {
  font-family: DM Sans;
  font-size: 13px;
  line-height: 130%;
  margin-bottom: 5px;
  color: #2F3850;
  width: -webkit-fit-content;
  width: -moz-fit-content;
  width: fit-content;
}

.c4 {
  font-family: DM Sans;
  font-size: 13px;
  line-height: 130%;
  color: #2F3850;
}

.c3 {
  display: -webkit-box;
  display: -webkit-flex;
  display: -ms-flexbox;
  display: flex;
  -webkit-flex-direction: row;
  -ms-flex-direction: row;
  flex-direction: row;
  height: auto;
  -webkit-box-pack: space-around;
  -webkit-justify-content: space-around;
  -ms-flex-pack: space-around;
  justify-content: space-around;
  justify-items: space-around;
  -webkit-align-content: center;
  -ms-flex-line-pack: center;
  align-content: center;
  -webkit-align-items: center;
  -webkit-box-align: center;
  -ms-flex-align: center;
  align-items: center;
  padding-right: 20px;
  padding-left: 20px;
}

.c0 {
  display: -webkit-box;
  display: -webkit-flex;
  display: -ms-flexbox;
  display: flex;
  -webkit-flex-direction: column;
  -ms-flex-direction: column;
  flex-direction: column;
  width: 100%;
  -webkit-align-content: center;
  -ms-flex-line-pack: center;
  align-content: center;
  -webkit-align-items: center;
  -webkit-box-align: center;
  -ms-flex-align: center;
  align-items: center;
}

@media only screen and (min-width:768px) {

}

@media only screen and (min-width:960px) {

}

@media only screen and (min-width:1170px) {

}

@media only screen and (min-width:1360px) {

}

<div>
  <div
    class="c0"
  >
    <p
      class="c1"
      font-weight="bold"
      width="fit-content"
    >
      Label
    </p>
    <p
      class="c2"
      id="code-input-general"
      width="fit-content"
    >
      Enter digit
    </p>
    <div
      class="c3"
    >
      <div
        class="c0"
      >
        <p
          class="c4"
          id="code-input-1"
        >
          1
        </p>
        <input
          aria-labelledby="code-input-general code-input-1"
          class="c5"
          maxlength="1"
          name="test"
          size="1"
          type="text"
          width="95%"
        />
      </div>
      <div
        class="c0"
      >
        <p
          class="c4"
          id="code-input-2"
        >
          2
        </p>
        <input
          aria-labelledby="code-input-general code-input-2"
          class="c5"
          maxlength="1"
          name="test"
          size="1"
          type="text"
          width="95%"
        />
      </div>
      <div
        class="c0"
      >
        <p
          class="c4"
          id="code-input-3"
        >
          3
        </p>
        <input
          aria-labelledby="code-input-general code-input-3"
          class="c5"
          maxlength="1"
          name="test"
          size="1"
          type="text"
          width="95%"
        />
      </div>
      <div
        class="c0"
      >
        <p
          class="c4"
          id="code-input-4"
        >
          4
        </p>
        <input
          aria-labelledby="code-input-general code-input-4"
          class="c5"
          maxlength="1"
          name="test"
          size="1"
          type="text"
          width="95%"
        />
      </div>
      <div
        class="c0"
      >
        <p
          class="c4"
          id="code-input-5"
        >
          5
        </p>
        <input
          aria-labelledby="code-input-general code-input-5"
          class="c5"
          maxlength="1"
          name="test"
          size="1"
          type="text"
          width="95%"
        />
      </div>
      <div
        class="c0"
      >
        <p
          class="c4"
          id="code-input-6"
        >
          6
        </p>
        <input
          aria-labelledby="code-input-general code-input-6"
          class="c5"
          maxlength="1"
          name="test"
          size="1"
          type="text"
          width="95%"
        />
      </div>
    </div>
  </div>
</div>
`;
