// Jest Snapshot v1, https://goo.gl/fbAQLP

exports[`<AvatarForm /> Should render and match the snapshot 1`] = `
.c6 {
  width: auto;
  height: auto;
  display: block;
  border-radius: 5px;
  height: -webkit-fit-content;
  height: -moz-fit-content;
  height: fit-content;
}

.c0 {
  display: -webkit-box;
  display: -webkit-flex;
  display: -ms-flexbox;
  display: flex;
  -webkit-flex-direction: row;
  -ms-flex-direction: row;
  flex-direction: row;
  height: auto;
  -webkit-align-content: center;
  -ms-flex-line-pack: center;
  align-content: center;
  -webkit-align-items: center;
  -webkit-box-align: center;
  -ms-flex-align: center;
  align-items: center;
  width: 100%;
}

.c3 {
  display: -webkit-box;
  display: -webkit-flex;
  display: -ms-flexbox;
  display: flex;
  -webkit-flex-direction: row;
  -ms-flex-direction: row;
  flex-direction: row;
  height: auto;
  -webkit-box-flex: 1;
  -webkit-flex-grow: 1;
  -ms-flex-positive: 1;
  flex-grow: 1;
}

.c4 {
  display: -webkit-box;
  display: -webkit-flex;
  display: -ms-flexbox;
  display: flex;
  -webkit-flex-direction: row;
  -ms-flex-direction: row;
  flex-direction: row;
  height: auto;
}

.c8 {
  display: -webkit-box;
  display: -webkit-flex;
  display: -ms-flexbox;
  display: flex;
  -webkit-flex-direction: row;
  -ms-flex-direction: row;
  flex-direction: row;
  height: auto;
  -webkit-align-content: center;
  -ms-flex-line-pack: center;
  align-content: center;
  -webkit-align-items: center;
  -webkit-box-align: center;
  -ms-flex-align: center;
  align-items: center;
  cursor: pointer;
}

.c1 {
  width: auto;
  height: auto;
  border-radius: 50%;
}

.c9 {
  font-family: DM Sans;
  font-size: 13px;
  line-height: 130%;
  font-size: 14px;
  font-weight: 700;
  color: rgba(200,102,234,1);
  color: rgba(200,102,234,1);
}

.c10 {
  outline: none;
  border: none;
  background: transparent;
  font-weight: bold;
  font-size: 13px;
  line-height: 17px;
  padding: 2px;
  cursor: pointer;
  font-size: 14px;
  font-weight: 700;
  color: rgba(239,70,47,1);
}

.c2 {
  height: 75px;
  width: 75px;
  font-size: 40px;
}

.c11 {
  margin-left: 30px;
}

.c7 {
  margin-left: 20px;
}

@media only screen and (max-width:768px) {
  .c5 {
    margin-left: 30px;
    -webkit-flex-direction: column;
    -ms-flex-direction: column;
    flex-direction: column;
    -webkit-align-items: center;
    -webkit-box-align: center;
    -ms-flex-align: center;
    align-items: center;
  }
}

@media only screen and (max-width:480px) {
  .c5 {
    margin-left: 0px;
  }
}

@media only screen and (max-width:768px) {
  .c11 {
    margin-top: 20px;
    margin-left: 20px;
  }
}

@media only screen and (max-width:360px) {
  .c11 {
    margin-left: 10px;
  }
}

@media only screen and (max-width:360px) {
  .c7 {
    margin-left: 10px;
  }
}

<div>
  <div
    class="c0"
    width="100%"
  >
    <img
      alt="avatar"
      class="c1 c2"
      src="src"
    />
    <div
      class="c3"
    >
      <div
        class="c4 c5"
      >
        <div
          class="c6 c7"
          height="fit-content"
        >
          <input
            autocomplete="off"
            style="display: none;"
            tabindex="-1"
            type="file"
          />
          <div
            class="c8"
          >
            <p
              class="c9"
              color="#C866EA"
              font-size="14"
              font-weight="bold"
            >
              Change profile photo
            </p>
          </div>
        </div>
        <button
          class="c10 c11"
          color="#EF462F"
          data-testid="open-modal"
          font-size="14"
          font-weight="bold"
        >
          Remove profile photo
        </button>
      </div>
    </div>
  </div>
</div>
`;
