// Jest Snapshot v1, https://goo.gl/fbAQLP

exports[`<EmailForm /> Should render and match the snapshot 1`] = `
.c1 {
  display: -webkit-box;
  display: -webkit-flex;
  display: -ms-flexbox;
  display: flex;
  -webkit-flex-direction: column;
  -ms-flex-direction: column;
  flex-direction: column;
  width: 100%;
}

.c4 {
  padding: 12px;
  border-style: solid;
  border-width: 1px;
  border-color: #E9F1FB;
  border-radius: 5px;
  width: 100%;
  height: 46px;
  color: #2F3850;
}

.c4:focus {
  box-shadow: none;
  outline: none;
  border-color: #107969;
}

.c4:disabled {
  color: #ABBBD1;
}

.c2 {
  font-family: DM Sans;
  font-size: 13px;
  line-height: 130%;
  margin-bottom: 5px;
  color: #2F3850;
  width: -webkit-fit-content;
  width: -moz-fit-content;
  width: fit-content;
}

.c0 {
  display: -webkit-box;
  display: -webkit-flex;
  display: -ms-flexbox;
  display: flex;
  -webkit-flex-direction: row;
  -ms-flex-direction: row;
  flex-direction: row;
  height: auto;
  width: 100%;
}

.c3 {
  display: -webkit-box;
  display: -webkit-flex;
  display: -ms-flexbox;
  display: flex;
  -webkit-flex-direction: row;
  -ms-flex-direction: row;
  flex-direction: row;
  height: auto;
  -webkit-align-content: center;
  -ms-flex-line-pack: center;
  align-content: center;
  -webkit-align-items: center;
  -webkit-box-align: center;
  -ms-flex-align: center;
  align-items: center;
  width: 100%;
}

@media only screen and (min-width:768px) {

}

@media only screen and (min-width:960px) {

}

@media only screen and (min-width:1170px) {

}

@media only screen and (min-width:1360px) {

}

<div>
  <div
    class="c0"
    width="100%"
  >
    <div
      class="c1"
      data-testid="email-input"
    >
      <p
        class="c2"
        width="fit-content"
      >
        E-mail address
      </p>
      <div
        class="c3"
        width="100%"
      >
        <input
          class="c4"
          height="46"
          name="email"
          placeholder="Enter e-mail address"
          type="text"
          value="test@test.pl"
          width="100%"
        />
      </div>
    </div>
  </div>
</div>
`;

exports[`<EmailForm /> Should render error and match the snapshot 1`] = `
.c1 {
  display: -webkit-box;
  display: -webkit-flex;
  display: -ms-flexbox;
  display: flex;
  -webkit-flex-direction: column;
  -ms-flex-direction: column;
  flex-direction: column;
  width: 100%;
}

.c4 {
  padding: 12px;
  border-style: solid;
  border-width: 1px;
  border-color: #E9F1FB;
  border-radius: 5px;
  width: 100%;
  height: 46px;
  color: #2F3850;
}

.c4:focus {
  box-shadow: none;
  outline: none;
  border-color: #107969;
}

.c4:disabled {
  color: #ABBBD1;
}

.c2 {
  font-family: DM Sans;
  font-size: 13px;
  line-height: 130%;
  margin-bottom: 5px;
  color: #2F3850;
  width: -webkit-fit-content;
  width: -moz-fit-content;
  width: fit-content;
}

.c0 {
  display: -webkit-box;
  display: -webkit-flex;
  display: -ms-flexbox;
  display: flex;
  -webkit-flex-direction: row;
  -ms-flex-direction: row;
  flex-direction: row;
  height: auto;
  width: 100%;
}

.c3 {
  display: -webkit-box;
  display: -webkit-flex;
  display: -ms-flexbox;
  display: flex;
  -webkit-flex-direction: row;
  -ms-flex-direction: row;
  flex-direction: row;
  height: auto;
  -webkit-align-content: center;
  -ms-flex-line-pack: center;
  align-content: center;
  -webkit-align-items: center;
  -webkit-box-align: center;
  -ms-flex-align: center;
  align-items: center;
  width: 100%;
}

@media only screen and (min-width:768px) {

}

@media only screen and (min-width:960px) {

}

@media only screen and (min-width:1170px) {

}

@media only screen and (min-width:1360px) {

}

<div>
  <div
    class="c0"
    width="100%"
  >
    <div
      class="c1"
      data-testid="email-input"
    >
      <p
        class="c2"
        width="fit-content"
      >
        E-mail address
      </p>
      <div
        class="c3"
        width="100%"
      >
        <input
          class="c4"
          height="46"
          name="email"
          placeholder="Enter e-mail address"
          type="text"
          value="test@test.pl"
          width="100%"
        />
      </div>
    </div>
  </div>
</div>
`;
