// Jest Snapshot v1, https://goo.gl/fbAQLP

exports[`<Popup /> Should render and match the snapshot 1`] = `
<div
  class="styled__Container-e4ycn-0 fbBlX"
>
  <div>
    Test
  </div>
</div>
`;
