// Jest Snapshot v1, https://goo.gl/fbAQLP

exports[`<SelectResearchers /> Should render and match the snapshot 1`] = `
.c2 {
  display: -webkit-box;
  display: -webkit-flex;
  display: -ms-flexbox;
  display: flex;
  -webkit-box-pack: center;
  -webkit-justify-content: center;
  -ms-flex-pack: center;
  justify-content: center;
  -webkit-align-items: center;
  -webkit-box-align: center;
  -ms-flex-align: center;
  align-items: center;
  margin: auto;
  width: 50px;
  height: 50px;
}

.c2:after {
  content: ' ';
  display: block;
  width: 33.33333333333333px;
  height: 33.33333333333333px;
  border-radius: 50%;
  border: 6px solid #B727EA;
  border-color: #B727EA transparent #B727EA transparent;
  -webkit-animation: hAjVGa 1.2s linear infinite;
  animation: hAjVGa 1.2s linear infinite;
}

.c1 {
  width: 100%;
  height: 100%;
  display: -webkit-box;
  display: -webkit-flex;
  display: -ms-flexbox;
  display: flex;
  -webkit-box-pack: center;
  -webkit-justify-content: center;
  -ms-flex-pack: center;
  justify-content: center;
  -webkit-align-items: center;
  -webkit-box-align: center;
  -ms-flex-align: center;
  align-items: center;
}

.c0 {
  width: auto;
  height: auto;
  display: block;
  border-radius: 5px;
  color: unset;
}

<div
  class="c0"
>
  <div
    class="c1"
    data-testid="inline-loader"
  >
    <div
      class="c2"
      color="#B727EA"
      size="50"
      width="6"
    />
  </div>
</div>
`;
