// Jest Snapshot v1, https://goo.gl/fbAQLP

exports[`<TileMapper /> Should render and match the snapshot - empty 1`] = `
.c0 {
  display: -webkit-box;
  display: -webkit-flex;
  display: -ms-flexbox;
  display: flex;
  -webkit-flex-direction: column;
  -ms-flex-direction: column;
  flex-direction: column;
  width: 100%;
  -webkit-align-content: center;
  -ms-flex-line-pack: center;
  align-content: center;
  -webkit-align-items: center;
  -webkit-box-align: center;
  -ms-flex-align: center;
  align-items: center;
  width: 100%;
  margin-top: 50px;
}

.c1 {
  margin: 0;
  font-family: DM Sans;
  font-size: 18px;
  line-height: 130%;
  color: #2F3850;
}

@media only screen and (min-width:768px) {

}

@media only screen and (min-width:960px) {

}

@media only screen and (min-width:1170px) {

}

@media only screen and (min-width:1360px) {

}

<div>
  <div
    class="c0"
    width="100%"
  >
    <h2
      class="c1"
    >
      <span>
        No reports available at the moment
      </span>
    </h2>
  </div>
</div>
`;

exports[`<TileMapper /> Should render and match the snapshot 1`] = `
<div>
  <h3>
    Report: 0. part - Results
  </h3>
</div>
`;
