// Jest Snapshot v1, https://goo.gl/fbAQLP

exports[`<RegisterPage /> Should render and match the snapshot 1`] = `
<div
  class="Fill-sc-1f4o7x0-0 dHXeMo"
>
  <div
    class="Column-sc-1n6divy-0 jsQwIl"
  >
    <div
      class="Card-v952e1-0 dvaqLP"
      width="100%"
    >
      <div
        class="Column-sc-1n6divy-0 gSmTjF"
      >
        <span>
          Register
        </span>
        <div
          class="Column-sc-1n6divy-0 bWskNd"
        >
          <p
            class="Text-sc-2lza2m-0 bkfXbb"
          />
          <input
            class="Input-sc-19txxuq-0 bSnPKz"
            name="firstName"
            placeholder="First name"
            type="text"
            value=""
          />
        </div>
        <div
          class="Column-sc-1n6divy-0 bWskNd"
        >
          <p
            class="Text-sc-2lza2m-0 bkfXbb"
          />
          <input
            class="Input-sc-19txxuq-0 bSnPKz"
            name="lastName"
            placeholder="Last name"
            type="text"
            value=""
          />
        </div>
        <div
          class="Column-sc-1n6divy-0 bWskNd"
        >
          <p
            class="Text-sc-2lza2m-0 bkfXbb"
          />
          <input
            class="Input-sc-19txxuq-0 bSnPKz"
            name="email"
            placeholder="Email"
            type="email"
            value=""
          />
        </div>
        <div
          class="Column-sc-1n6divy-0 bWskNd"
        >
          <p
            class="Text-sc-2lza2m-0 bkfXbb"
          />
          <input
            class="Input-sc-19txxuq-0 bSnPKz"
            name="password"
            placeholder="Password"
            type="password"
            value=""
          />
        </div>
        <div
          class="Column-sc-1n6divy-0 bWskNd"
        >
          <p
            class="Text-sc-2lza2m-0 bkfXbb"
          />
          <input
            class="Input-sc-19txxuq-0 bSnPKz"
            name="passwordConfirmation"
            placeholder="Password confirmation"
            type="password"
            value=""
          />
        </div>
        <button
          class="styled__StyledButton-da6kmt-0 RMSan StyledButton-t20ntd-0 bdIUUI"
          color="primary"
        >
          Register
        </button>
        <a
          href="/login"
        >
          <button
            class="styled__StyledButton-da6kmt-0 RMSan StyledButton-t20ntd-0 bdIUUI"
            color="primary"
          >
            I already have an account
          </button>
        </a>
        
      </div>
    </div>
  </div>
</div>
`;
