// Jest Snapshot v1, https://goo.gl/fbAQLP

exports[`<CharacterAnim /> Should render and match the snapshot 1`] = `
.c0 {
  position: absolute;
  top: 0;
  left: 0;
  height: 0;
  width: 0;
}

.c0 > div {
  -webkit-transition: all 1480ms cubic-bezier(0.65,0.05,0.36,1);
  transition: all 1480ms cubic-bezier(0.65,0.05,0.36,1);
}

<div>
  <div
    class="c0"
  />
</div>
`;
