// Jest Snapshot v1, https://goo.gl/fbAQLP

exports[`<DateQuestion /> Should render and match the snapshot 1`] = `
.c3 {
  display: -webkit-box;
  display: -webkit-flex;
  display: -ms-flexbox;
  display: flex;
  -webkit-flex-direction: column;
  -ms-flex-direction: column;
  flex-direction: column;
  width: 100%;
}

.c1 {
  display: -webkit-box;
  display: -webkit-flex;
  display: -ms-flexbox;
  display: flex;
  -webkit-flex-direction: row;
  -ms-flex-direction: row;
  flex-direction: row;
  height: auto;
}

.c2 {
  display: -webkit-box;
  display: -webkit-flex;
  display: -ms-flexbox;
  display: flex;
  -webkit-flex-direction: row;
  -ms-flex-direction: row;
  flex-direction: row;
  height: auto;
  width: 100%;
}

.c6 {
  padding: 12px;
  border-style: solid;
  border-width: 1px;
  border-color: #E9F1FB;
  border-radius: 5px;
  margin-right: 10px;
  margin-left: 10px;
  width: 200px;
  height: 50px;
  padding: 12px;
  font-size: 15px;
  color: rgba(47,56,80,1);
  text-align: left;
  color: rgba(47,56,80,1);
  border: 3px solid #107969;
}

.c6:focus {
  box-shadow: none;
  outline: none;
  border-color: #107969;
}

.c6:disabled {
  color: #ABBBD1;
}

.c5 .schedule-date-picker {
  font-family: DM Sans;
  background-color: #E9F1FB;
}

.c5 .schedule-date-picker .react-datepicker__header {
  background-color: #F8FBFF;
}

.c5 .schedule-date-picker .react-datepicker__day {
  color: #2F3850;
}

.c5 .schedule-date-picker .react-datepicker__day:hover {
  color: #FFFFFF;
  background-color: rgba(200,102,234,0.7);
}

.c5 .schedule-date-picker .react-datepicker__day--keyboard-selected {
  background-color: #C866EA;
}

.c5 .schedule-date-picker .react-datepicker__day--in-range,
.c5 .schedule-date-picker .react-datepicker__day--in-selecting-range {
  color: #2F3850;
  background-color: rgba(200,102,234,0.1);
}

.c4 .schedule-date-picker .react-datepicker__day--selected:not(.c4 .schedule-date-picker .react-datepicker__day--in-selecting-range),
.c5 .schedule-date-picker .react-datepicker__day--range-start:not(.c5 .schedule-date-picker .react-datepicker__day--in-selecting-range),
.c5 .schedule-date-picker .react-datepicker__day--range-end:not(.c5 .schedule-date-picker .react-datepicker__day--in-selecting-range),
.c5 .schedule-date-picker .react-datepicker__day--selecting-range-start,
.c5 .schedule-date-picker .react-datepicker__day--selecting-range-end {
  color: #FFFFFF;
  background-color: #C866EA;
}

.c5 .schedule-date-picker .react-datepicker__year-option {
  background-color: #E9F1FB;
}

.c5 .schedule-date-picker .react-datepicker__month-option {
  background-color: #E9F1FB;
}

.c5 .schedule-date-picker .react-datepicker__time-list-item:hover {
  color: #FFFFFF;
  background-color: rgba(200,102,234,0.7) !important;
}

.c5 .schedule-date-picker .react-datepicker__time-list-item--selected {
  background-color: #C866EA !important;
}

.c5 .react-datepicker-wrapper {
  width: 100%;
}

.c0 {
  width: auto;
  height: auto;
  display: block;
  border-radius: 5px;
  width: 100%;
  padding: 15px;
  color: unset;
}

@media only screen and (min-width:768px) {

}

@media only screen and (min-width:960px) {

}

@media only screen and (min-width:1170px) {

}

@media only screen and (min-width:1360px) {

}

<div>
  <div
    class="c0"
    width="100%"
  >
    <div
      class="c1"
    >
      <div
        class="c2"
        width="100%"
      >
        <div
          class="c3"
        >
          <div
            class="c4 c5"
          >
            <div
              class="react-datepicker-wrapper"
            >
              <div
                class="react-datepicker__input-container"
              >
                <input
                  aria-label="MM/DD/YYYY"
                  class="c6"
                  color="#2F3850"
                  dir="auto"
                  font-size="15"
                  height="50"
                  inputmode="numeric"
                  placeholder="MM/DD/YYYY"
                  type="text"
                  value=""
                  width="200"
                />
              </div>
            </div>
          </div>
        </div>
      </div>
    </div>
  </div>
</div>
`;
