// Jest Snapshot v1, https://goo.gl/fbAQLP

exports[`<ThirdPartyQuestion /> Should render and match the snapshot 1`] = `
<div>
  <div
    class="Column-sc-4zswzq-0 ekpwZH"
  >
    <div
      class="Box-sc-1vhutan-0 dvfkZg"
    >
      <div
        class="Row-y1cs0u-0 kdnhbN"
      >
        <div
          class="Box-sc-1vhutan-0 HoverableBox-zvip6a-0 kmyFFE"
          width="calc(100% + 21px)"
        >
          <div
            class="Row-y1cs0u-0 hBrQLN"
            height="44"
          >
            <img
              class="Img-sc-55j3su-0 iYjftT"
              data-cy="single-question-0-checkbox"
              src="IMAGE_MOCK"
            />
            <div>
              test
            </div>
          </div>
        </div>
      </div>
      <div
        class="Row-y1cs0u-0 kdnhbN"
      >
        <div
          class="Box-sc-1vhutan-0 HoverableBox-zvip6a-0 kmyFFE"
          width="calc(100% + 21px)"
        >
          <div
            class="Row-y1cs0u-0 hBrQLN"
            height="44"
          >
            <img
              class="Img-sc-55j3su-0 iYjftT"
              data-cy="single-question-1-checkbox"
              src="IMAGE_MOCK"
            />
            <div>
              test
            </div>
          </div>
        </div>
      </div>
    </div>
  </div>
</div>
`;
