// Jest Snapshot v1, https://goo.gl/fbAQLP

exports[`<Icon /> Should render and match the snapshot 1`] = `
<div>
  <img />
</div>
`;
