// Jest Snapshot v1, https://goo.gl/fbAQLP

exports[`<QuestionListItem /> should match the snapshot 1`] = `
.c3 {
  display: -webkit-box;
  display: -webkit-flex;
  display: -ms-flexbox;
  display: flex;
  -webkit-flex-direction: column;
  -ms-flex-direction: column;
  flex-direction: column;
  width: 83.33333333333334%;
}

.c11 {
  display: -webkit-box;
  display: -webkit-flex;
  display: -ms-flexbox;
  display: flex;
  -webkit-flex-direction: column;
  -ms-flex-direction: column;
  flex-direction: column;
  width: 8.333333333333332%;
}

.c9 {
  font-family: DM Sans;
  font-size: 13px;
  line-height: 130%;
  font-weight: 700;
  color: #2F3850;
}

.c10 {
  margin: 0;
  font-family: DM Sans;
  font-size: 13px;
  line-height: 130%;
  color: #6B707C;
}

.c14 {
  width: auto;
  height: auto;
}

.c0 {
  width: auto;
  height: auto;
  display: block;
  border-radius: 5px;
  width: 100%;
}

.c1 {
  width: auto;
  height: auto;
  display: block;
  border-radius: 5px;
  width: 100%;
  padding: 15px;
  margin-bottom: 15px;
  background-color: rgba(248,251,255,1);
  cursor: pointer;
  border-radius: 5px;
  border: 1px solid #EFEFEF;
  border-radius: 5px;
}

.c1:hover {
  background-color: #E9F1FB;
}

.c7 {
  width: auto;
  height: auto;
  display: block;
  border-radius: 5px;
  display: -webkit-box;
  display: -webkit-flex;
  display: -ms-flexbox;
  display: flex;
  -webkit-align-content: center;
  -ms-flex-line-pack: center;
  align-content: center;
  -webkit-align-items: center;
  -webkit-box-align: center;
  -ms-flex-align: center;
  align-items: center;
}

.c12 {
  width: auto;
  height: auto;
  display: block;
  border-radius: 5px;
  position: relative;
  display: -webkit-box;
  display: -webkit-flex;
  display: -ms-flexbox;
  display: flex;
  -webkit-box-pack: end;
  -webkit-justify-content: flex-end;
  -ms-flex-pack: end;
  justify-content: flex-end;
  justify-items: flex-end;
  -webkit-align-content: flex-start;
  -ms-flex-line-pack: start;
  align-content: flex-start;
  -webkit-align-items: flex-start;
  -webkit-box-align: flex-start;
  -ms-flex-align: flex-start;
  align-items: flex-start;
}

.c2 {
  display: -webkit-box;
  display: -webkit-flex;
  display: -ms-flexbox;
  display: flex;
  -webkit-flex-direction: row;
  -ms-flex-direction: row;
  flex-direction: row;
  height: auto;
  -webkit-box-pack: justify;
  -webkit-justify-content: space-between;
  -ms-flex-pack: justify;
  justify-content: space-between;
  justify-items: space-between;
}

.c4 {
  display: -webkit-box;
  display: -webkit-flex;
  display: -ms-flexbox;
  display: flex;
  -webkit-flex-direction: row;
  -ms-flex-direction: row;
  flex-direction: row;
  height: auto;
}

.c13 {
  display: -webkit-box;
  display: -webkit-flex;
  display: -ms-flexbox;
  display: flex;
  padding: 8px;
}

.c8 {
  border-radius: 50%;
  background-color: #107969;
  display: -webkit-box;
  display: -webkit-flex;
  display: -ms-flexbox;
  display: flex;
  -webkit-box-pack: center;
  -webkit-justify-content: center;
  -ms-flex-pack: center;
  justify-content: center;
  -webkit-align-items: center;
  -webkit-box-align: center;
  -ms-flex-align: center;
  align-items: center;
  width: 10px;
  height: 10px;
  margin-right: 5px;
  background-color: rgba(16,121,105,1);
  background: #0086F8;
  opacity: 1;
  color: #2F3850;
}

.c5 {
  margin: 0;
  font-family: DM Sans;
  font-size: 15px;
  line-height: 150%;
  margin-bottom: 6px;
  color: #2F3850;
}

.c6 {
  -webkit-line-clamp: 2;
  overflow: hidden;
  -webkit-box-orient: vertical;
  -moz-box-orient: vertical;
  -ms-box-orient: vertical;
  -o-box-orient: vertical;
  display: -webkit-box;
}

@media only screen and (min-width:768px) {

}

@media only screen and (min-width:960px) {

}

@media only screen and (min-width:1170px) {

}

@media only screen and (min-width:1360px) {

}

@media only screen and (min-width:768px) {

}

@media only screen and (min-width:960px) {

}

@media only screen and (min-width:1170px) {

}

@media only screen and (min-width:1360px) {

}

<div
  data-rbd-droppable-context-id="0"
  data-rbd-droppable-id="TEST"
>
  <div
    aria-describedby="rbd-hidden-text-0-hidden-text-0"
    class="c0"
    data-rbd-drag-handle-context-id="0"
    data-rbd-drag-handle-draggable-id="test-1"
    data-rbd-draggable-context-id="0"
    data-rbd-draggable-id="test-1"
    draggable="false"
    role="button"
    tabindex="0"
    width="100%"
  >
    <div
      class="HoverableBox-sc-zvip6a-0 c1 "
      width="100%"
    >
      <div
        class="c2"
      >
        <div
          class="c3"
        >
          <div
            class="c4"
          >
            <h3
              class="c5 c6"
            >
              Test subtitle
            </h3>
          </div>
          <div
            class="c4"
          >
            <div
              class="c7"
              display="flex"
            >
              <div
                class="c8"
                opacity="1"
              />
              <p
                class="c9 c10"
                font-weight="bold"
              >
                Single answer
              </p>
            </div>
          </div>
        </div>
        <div
          class="c11"
        >
          <div
            class="c12"
            display="flex"
          >
            <div
              class="c13"
            >
              <img
                alt="dots"
                class="c14"
                src="IMAGE_MOCK"
              />
            </div>
          </div>
        </div>
      </div>
    </div>
  </div>
</div>
`;
