// Jest Snapshot v1, https://goo.gl/fbAQLP

exports[`<InformationSlide /> Should render and match the snapshot 1`] = `<div />`;
