// Jest Snapshot v1, https://goo.gl/fbAQLP

exports[`<SessionSchedule /> Should render and match the snapshot 1`] = `
.c2 {
  display: -webkit-box;
  display: -webkit-flex;
  display: -ms-flexbox;
  display: flex;
  -webkit-flex-direction: row;
  -ms-flex-direction: row;
  flex-direction: row;
  height: auto;
  -webkit-align-content: center;
  -ms-flex-line-pack: center;
  align-content: center;
  -webkit-align-items: center;
  -webkit-box-align: center;
  -ms-flex-align: center;
  align-items: center;
  gap: 8px;
}

.c4 {
  display: -webkit-box;
  display: -webkit-flex;
  display: -ms-flexbox;
  display: flex;
  -webkit-flex-direction: row;
  -ms-flex-direction: row;
  flex-direction: row;
  height: auto;
  -webkit-align-content: center;
  -ms-flex-line-pack: center;
  align-content: center;
  -webkit-align-items: center;
  -webkit-box-align: center;
  -ms-flex-align: center;
  align-items: center;
}

.c10 {
  display: -webkit-box;
  display: -webkit-flex;
  display: -ms-flexbox;
  display: flex;
  -webkit-flex-direction: row;
  -ms-flex-direction: row;
  flex-direction: row;
  height: auto;
  -webkit-align-content: center;
  -ms-flex-line-pack: center;
  align-content: center;
  -webkit-align-items: center;
  -webkit-box-align: center;
  -ms-flex-align: center;
  align-items: center;
  margin-top: 24px;
}

.c12 {
  display: -webkit-box;
  display: -webkit-flex;
  display: -ms-flexbox;
  display: flex;
  -webkit-flex-direction: row;
  -ms-flex-direction: row;
  flex-direction: row;
  height: auto;
  -webkit-align-content: center;
  -ms-flex-line-pack: center;
  align-content: center;
  -webkit-align-items: center;
  -webkit-box-align: center;
  -ms-flex-align: center;
  align-items: center;
  gap: 10px;
}

.c14 {
  display: -webkit-box;
  display: -webkit-flex;
  display: -ms-flexbox;
  display: flex;
  -webkit-flex-direction: row;
  -ms-flex-direction: row;
  flex-direction: row;
  height: auto;
  width: 100%;
}

.c18 {
  display: -webkit-box;
  display: -webkit-flex;
  display: -ms-flexbox;
  display: flex;
  -webkit-flex-direction: row;
  -ms-flex-direction: row;
  flex-direction: row;
  height: auto;
  -webkit-box-pack: end;
  -webkit-justify-content: flex-end;
  -ms-flex-pack: end;
  justify-content: flex-end;
  justify-items: flex-end;
  margin-top: 10px;
  width: 100%;
}

.c3 {
  width: auto;
  height: auto;
  display: block;
  border-radius: 5px;
  position: relative;
  color: unset;
}

.c7 {
  width: auto;
  height: auto;
  display: block;
  border-radius: 5px;
  display: -webkit-box;
  display: -webkit-flex;
  display: -ms-flexbox;
  display: flex;
  color: unset;
}

.c8 {
  width: auto;
  height: auto;
  display: block;
  border-radius: 5px;
  color: unset;
}

.c6 {
  width: auto;
  height: auto;
  margin-left: 8px;
  cursor: pointer;
  -webkit-transition: -webkit-transform 0.2s;
  -webkit-transition: transform 0.2s;
  transition: transform 0.2s;
}

.c9 {
  width: auto;
  height: auto;
}

.c0 {
  display: -webkit-box;
  display: -webkit-flex;
  display: -ms-flexbox;
  display: flex;
  -webkit-flex-direction: column;
  -ms-flex-direction: column;
  flex-direction: column;
  width: 100%;
  padding-bottom: 24px;
}

.c11 {
  display: -webkit-box;
  display: -webkit-flex;
  display: -ms-flexbox;
  display: flex;
  -webkit-flex-direction: column;
  -ms-flex-direction: column;
  flex-direction: column;
  width: 100%;
}

.c1 {
  font-family: DM Sans;
  font-size: 13px;
  line-height: 130%;
  margin-bottom: 12px;
  font-size: 13px;
  color: rgba(47,56,80,0.6);
  color: rgba(47,56,80,0.6);
}

.c5 {
  font-family: DM Sans;
  font-size: 13px;
  line-height: 130%;
  font-weight: 700;
  color: rgba(183,39,234,1);
  cursor: pointer;
  color: rgba(183,39,234,1);
  cursor: pointer;
}

.c13 {
  font-family: DM Sans;
  font-size: 13px;
  line-height: 130%;
  margin-left: 5px;
  font-size: 15px;
  color: #2F3850;
}

.c19 {
  font-family: DM Sans;
  font-size: 13px;
  line-height: 130%;
  margin-left: 5px;
  font-size: 12px;
  color: rgba(210,55,29,1);
  color: rgba(210,55,29,1);
}

.c17 {
  padding: 12px;
  border-style: solid;
  border-width: 1px;
  border-color: #E9F1FB;
  border-radius: 5px;
  margin-right: 0;
  margin-left: 0;
  width: 130px;
  height: 50px;
  padding: 12px;
  font-size: 15px;
  color: rgba(47,56,80,1);
  text-align: left;
  color: rgba(47,56,80,1);
}

.c17:focus {
  box-shadow: none;
  outline: none;
  border-color: #107969;
}

.c17:disabled {
  color: #ABBBD1;
}

.c16 .schedule-date-picker {
  font-family: DM Sans;
  background-color: #E9F1FB;
}

.c16 .schedule-date-picker .react-datepicker__header {
  background-color: #F8FBFF;
}

.c16 .schedule-date-picker .react-datepicker__day {
  color: #2F3850;
}

.c16 .schedule-date-picker .react-datepicker__day:hover {
  color: #FFFFFF;
  background-color: rgba(200,102,234,0.7);
}

.c16 .schedule-date-picker .react-datepicker__day--keyboard-selected {
  background-color: #C866EA;
}

.c16 .schedule-date-picker .react-datepicker__day--in-range,
.c16 .schedule-date-picker .react-datepicker__day--in-selecting-range {
  color: #2F3850;
  background-color: rgba(200,102,234,0.1);
}

.c15 .schedule-date-picker .react-datepicker__day--selected:not(.c15 .schedule-date-picker .react-datepicker__day--in-selecting-range),
.c16 .schedule-date-picker .react-datepicker__day--range-start:not(.c16 .schedule-date-picker .react-datepicker__day--in-selecting-range),
.c16 .schedule-date-picker .react-datepicker__day--range-end:not(.c16 .schedule-date-picker .react-datepicker__day--in-selecting-range),
.c16 .schedule-date-picker .react-datepicker__day--selecting-range-start,
.c16 .schedule-date-picker .react-datepicker__day--selecting-range-end {
  color: #FFFFFF;
  background-color: #C866EA;
}

.c16 .schedule-date-picker .react-datepicker__year-option {
  background-color: #E9F1FB;
}

.c16 .schedule-date-picker .react-datepicker__month-option {
  background-color: #E9F1FB;
}

.c16 .schedule-date-picker .react-datepicker__time-list-item:hover {
  color: #FFFFFF;
  background-color: rgba(200,102,234,0.7) !important;
}

.c16 .schedule-date-picker .react-datepicker__time-list-item--selected {
  background-color: #C866EA !important;
}

.c16 .react-datepicker-wrapper {
  width: 100%;
}

@media only screen and (min-width:768px) {

}

@media only screen and (min-width:960px) {

}

@media only screen and (min-width:1170px) {

}

@media only screen and (min-width:1360px) {

}

@media only screen and (min-width:768px) {

}

@media only screen and (min-width:960px) {

}

@media only screen and (min-width:1170px) {

}

@media only screen and (min-width:1360px) {

}

<div>
  <div
    class="c0"
  >
    <p
      class="c1"
      color="#2F3850"
      font-size="13"
    >
      If this session is next in the sequence
    </p>
    <div
      class="c2"
    >
      <div
        class="c3"
      >
        <div
          class="c4"
          role="button"
        >
          <p
            class="c5"
            color="#B727EA"
            font-weight="bold"
          >
            Send email invitation on exact date
          </p>
          <img
            alt="arrow"
            class="c6"
            src="IMAGE_MOCK"
            transform=""
          />
        </div>
      </div>
      <div
        class="c7"
        display="flex"
      >
        <div
          class="c8"
          data-for="session-scheduling-cdh"
          data-tip=""
        >
          <img
            alt="?"
            class="c9"
            src="IMAGE_MOCK"
          />
        </div>
      </div>
    </div>
    <div
      class="c10"
    >
      <div
        class="c11"
      >
        <div
          class="c12"
        >
          <p
            class="c13"
            font-size="15"
          >
            Send 
            on exact date
          </p>
          <div
            class="c8"
          >
            <div
              class="c14"
              width="100%"
            >
              <div
                class="c11"
              >
                <div
                  class="c15 c16"
                >
                  <div
                    class="react-datepicker-wrapper"
                  >
                    <div
                      class="react-datepicker__input-container"
                    >
                      <input
                        aria-label="MM/DD/YYYY"
                        class="c17"
                        color="#2F3850"
                        dir="auto"
                        font-size="15"
                        height="50"
                        placeholder="MM/DD/YYYY"
                        type="text"
                        value="12/24/2018"
                        inputmode="numeric"
                        width="130"
                      />
                    </div>
                  </div>
                </div>
              </div>
            </div>
          </div>
        </div>
        <div
          class="c18"
          width="100%"
        >
          <p
            class="c19"
            color="#D2371D"
            font-size="12"
          >
            *The information will be sent at 10:00 am
          </p>
        </div>
      </div>
    </div>
  </div>
</div>
`;
