// Jest Snapshot v1, https://goo.gl/fbAQLP

exports[`<UrlPreview /> Should render and match the snapshot 1`] = `
.c0 {
  width: auto;
  height: auto;
  display: block;
  border-radius: 5px;
  width: 100%;
  margin-top: 5px;
  margin-bottom: 5px;
  color: unset;
}

.c1 {
  width: auto;
  height: auto;
  display: block;
  border-radius: 5px;
  background-color: rgba(255,255,255,1);
  color: unset;
}

.c3 {
  width: auto;
  height: auto;
  display: block;
  border-radius: 5px;
  width: 70%;
  padding: 20px;
  color: unset;
}

.c2 {
  display: -webkit-box;
  display: -webkit-flex;
  display: -ms-flexbox;
  display: flex;
  -webkit-flex-direction: row;
  -ms-flex-direction: row;
  flex-direction: row;
  height: auto;
}

.c7 {
  font-family: DM Sans;
  font-size: 13px;
  line-height: 130%;
  margin-top: 8px;
  margin-bottom: 13px;
  font-size: 11px;
  color: #2F3850;
}

.c9 {
  font-family: DM Sans;
  font-size: 13px;
  line-height: 130%;
  margin-top: 3px;
  margin-bottom: 3px;
  font-size: 9px;
  color: rgba(183,39,234,1);
  word-break: break-all;
  color: rgba(183,39,234,1);
}

.c5 {
  margin: 0;
  font-family: DM Sans;
  font-size: 15px;
  line-height: 150%;
  color: #2F3850;
}

.c10 {
  background-image: url('image1.png');
  background-size: cover;
  background-color: #9AA1B6;
  background-position: center;
  width: 30%;
  border-bottom-right-radius: 10px;
  border-top-right-radius: 10px;
}

.c10:hover {
  cursor: pointer;
}

.c4 {
  -webkit-text-decoration: none !important;
  text-decoration: none !important;
  color: #2F3850;
}

.c8 {
  -webkit-line-clamp: 3;
  overflow: hidden;
  -webkit-box-orient: vertical;
  -moz-box-orient: vertical;
  -ms-box-orient: vertical;
  -o-box-orient: vertical;
  display: -webkit-box;
}

.c6 {
  -webkit-line-clamp: 2;
  overflow: hidden;
  -webkit-box-orient: vertical;
  -moz-box-orient: vertical;
  -ms-box-orient: vertical;
  -o-box-orient: vertical;
  display: -webkit-box;
}

<div>
  <div
    class="c0"
    width="100%"
  >
    <div
      class="c1"
    >
      <div
        class="c2"
      >
        <div
          class="c3"
          width="70%"
        >
          <a
            class="c4"
            href="test-url"
            target="_blank"
          >
            <h3
              class="c5 c6"
            >
              Test
            </h3>
          </a>
          <a
            class="c4"
            href="test-url"
            target="_blank"
          >
            <p
              class="c7 c8"
              font-size="11"
            >
              Test site - mock data
            </p>
          </a>
          <a
            class="c4"
            href="test-url"
            target="_blank"
          >
            <p
              class="c9"
              color="#B727EA"
              font-size="9"
            >
              test-url
            </p>
          </a>
        </div>
        <div
          class="c10"
        />
      </div>
    </div>
  </div>
</div>
`;
