// Jest Snapshot v1, https://goo.gl/fbAQLP

exports[`<CopyToClipboard /> Should render and match the snapshot 1`] = `
.c2 {
  display: -webkit-box;
  display: -webkit-flex;
  display: -ms-flexbox;
  display: flex;
  -webkit-flex-direction: row;
  -ms-flex-direction: row;
  flex-direction: row;
  height: auto;
  -webkit-align-content: center;
  -ms-flex-line-pack: center;
  align-content: center;
  -webkit-align-items: center;
  -webkit-box-align: center;
  -ms-flex-align: center;
  align-items: center;
}

.c0 {
  width: auto;
  height: auto;
  display: block;
  border-radius: 5px;
  cursor: pointer;
  color: unset;
  cursor: pointer;
}

.c1 {
  position: relative;
}

.c3 {
  font-family: DM Sans;
  font-size: 13px;
  line-height: 130%;
  font-weight: 700;
  color: rgba(183,39,234,1);
  color: rgba(183,39,234,1);
}

<div>
  <div
    class="c0"
  >
    <div
      class="c1"
    >
      <div
        class="c2"
      >
        <p
          class="c3"
          color="#B727EA"
          font-weight="bold"
        >
          Copy
        </p>
      </div>
    </div>
  </div>
</div>
`;
