// Jest Snapshot v1, https://goo.gl/fbAQLP

exports[`<HomePage /> should render and match the snapshot 1`] = `
<div
  class="styled__HomePageContainer-r8av8f-0 hPMtJa"
>
  <button
    class="StyledButton-t20ntd-0 goZETI"
    color="primary"
    title="Create intervention"
    width="100%"
  >
    Create intervention
  </button>
</div>
`;
